08:45:27 **** Auto Build of configuration Debug for project pfs_ctrlr ****
make all 
Building file: ../src/project.c
Invoking: MicroBlaze gcc compiler
mb-gcc -Wall -O0 -g3 -c -fmessage-length=0 -MT"src/project.o" -I../../eth_bsp/microblaze_0/include -mlittle-endian -mxl-barrel-shift -mxl-pattern-compare -mcpu=v10.0 -mno-xl-soft-mul -mxl-multiply-high -Wl,--no-relax -ffunction-sections -fdata-sections -MMD -MP -MF"src/project.d" -MT"src/project.o" -o "src/project.o" "../src/project.c"
Finished building: ../src/project.c
 
Building target: pfs_ctrlr.elf
Invoking: MicroBlaze gcc linker
mb-gcc -Wl,-T -Wl,../src/lscript.ld -L../../eth_bsp/microblaze_0/lib -mlittle-endian -mxl-barrel-shift -mxl-pattern-compare -mcpu=v10.0 -mno-xl-soft-mul -mxl-multiply-high -Wl,--no-relax -Wl,--gc-sections -o "pfs_ctrlr.elf"  ./src/pfs.o ./src/pfs_eth.o ./src/pfs_queues.o ./src/pfs_translate.o ./src/platform.o ./src/platform_mb.o ./src/project.o ./src/queue.o   -Wl,--start-group,-lxil,-lgcc,-lc,--end-group -Wl,--start-group,-lxil,-llwip4,-lgcc,-lc,--end-group
Finished building target: pfs_ctrlr.elf
 
Invoking: MicroBlaze Print Size
mb-size pfs_ctrlr.elf  |tee "pfs_ctrlr.elf.size"
   text	   data	    bss	    dec	    hex	filename
 106044	 102480	3814596	4023120	 3d6350	pfs_ctrlr.elf
Finished building: pfs_ctrlr.elf.size
 

08:45:27 Build Finished (took 220ms)

